Able
Abnormal
Absent-minded
Above average
Adventurous
Affectionate
Agile
Agreeable
Alert
Amazing
Ambitious
Amiable
Amusing
Analytical
Angelic
Apathetic
Apprehensive
Ardent
Artificial
Artistic
Assertive
Attentive
Average
Awesome
Awful
Balanced
Beautiful
Below average
Beneficent
Blue
Blunt
Boisterous
Brave
Bright
Brilliant
Buff
Callous
Candid
Cantankerous
Capable
Careful
Careless
Caustic
Cautious
Charming
Childish
Childlike
Cheerful
Chic
Churlish
Circumspect
Civil
Clean
Clever
Clumsy
Coherent
Cold
Competent
Composed
Conceited
Condescending
Confident
Confused
Conscientious
Considerate
Content
Cool
Cool-headed
Cooperative
Cordial
Courageous
Cowardly
Crabby
Crafty
Cranky
Crass
Critical
Cruel
Curious
Cynical
Dainty
Decisive
Deep
Deferential
Deft
Delicate
Demonic
Dependent
Delightful
Demure
Depressed
Devoted
Dextrous
Diligent
Direct
Dirty
Disagreeable
Discerning
Discreet
Disruptive
Distant
Distraught
Distrustful
Dowdy
Dramatic
Dreary
Drowsy
Drugged
Drunk
Dull
Dutiful
Eager
Earnest
Easy-going
Efficient
Egotistical
Elfin
Emotional
Energetic
Enterprising
Enthusiastic
Evasive
Even-tempered
Exacting
Excellent
Excitable
Experienced
Fabulous
Fastidious
Ferocious
Fervent
Fiery
Flabby
Flaky
Flashy
Frank
Friendly
Funny
Fussy
Generous
Gentle
Gloomy
Glutinous
Good
Grave
Great
Groggy
Grouchy
Guarded
Hateful
Hearty
Helpful
Hesitant
Hot-headed
Hypercritical
Hysterical
Idiotic
Idle
Illogical
Imaginative
Immature
Immodest
Impatient
Imperturbable
Impetuous
Impractical
Impressionable
Impressive
Impulsive
Inactive
Incisive
Incompetent
Inconsiderate
Inconsistent
Independent
Indiscreet
Indolent
Indefatigable
Industrious
Inexperienced
Insensitive
Inspiring
Intelligent
Interesting
Intolerant
Inventive
Irascible
Irritable
Irritating
Jocular
Jovial
Joyous
Judgmental
Keen
Kind
Lame
Lazy
Lean
Leery
Lethargic
Level-headed
Listless
Lithe
Lively
Local
Logical
Long-winded
Lovable
Love-lorn
Lovely
Maternal
Mature
Mean
Meddlesome
Mercurial
Methodical
Meticulous
Mild
Miserable
Modest
Moronic
Morose
Motivated
Musical
Naive
Nasty
Natural
Naughty
Negative
Nervous
Noisy
Normal
Nosy
Numb
Obliging
Obnoxious
Old-fashioned
One-sided
Orderly
Ostentatious
Outgoing
Outspoken
Passionate
Passive
Paternal
Paternalistic
Patient
Peaceful
Peevish
Pensive
Persevering
Persnickety
Petulant
Picky
Plain
Plain-speaking
Playful
Pleasant
Plucky
Polite
Popular
Positive
Powerful
Practical
Prejudiced
Pretty
Proficient
Proud
Provocative
Prudent
Punctual
Quarrelsome
Querulous
Quick
Quick-tempered
Quiet
Realistic
Reassuring
Reclusive
Reliable
Reluctant
Resentful
Reserved
Resigned
Resourceful
Respected
Respectful
Responsible
Restless
Revered
Ridiculous
Sad
Sassy
Saucy
Sedate
Self-assured
Selfish
Sensible
Sensitive
Sentimental
Serene
Serious
Sharp
Short-tempered
Shrewd
Shy
Silly
Sincere
Sleepy
Slight
Sloppy
Slothful
Slovenly
Slow
Smart
Snazzy
Sneering
Snobby
Somber
Sober
Sophisticated
Soulful
Soulless
Sour
Spirited
Spiteful
Stable
Staid
Steady
Stern
Stoic
Striking
Strong
Stupid
Sturdy
Subtle
Sullen
Sulky
Supercilious
Superficial
Surly
Suspicious
Sweet
Tactful
Tactless
Talented
Testy
Thinking
Thoughtful
Thoughtless
Timid
Tired
Tolerant
Touchy
Tranquil
Ugly
Unaffected
Unbalanced
Uncertain
Uncooperative
Undependable
Unemotional
Unfriendly
Unguarded
Unhelpful
Unimaginative
Unmotivated
Unpleasant
Unpopular
Unreliable
Unsophisticated
Unstable
Unsure
Unthinking
Unwilling
Venal
Versatile
Vigilant
Warm
Warmhearted
Wary
Watchful
Weak
Well-behaved
Well-developed
Well-intentioned
Well-respected
Well-rounded
Willing
Wonderful
Volcanic
Vulnerable
Zealous
